// Jest Snapshot v1, https://goo.gl/fbAQLP

exports[`GameLog Container Should render 1`] = `
<GameLog
  debugLog="dkfa;sldkfja;sdlfa fasdfaoiej 
 fsxvbhaoedfi afousfdljg do l f 
dkfa;sldkfja;sdlfa fasdfaoiej 
 fsxvbhaoedfi afousfdljg do l f 
dkfa;sldkfja;sdlfa fasdfaoiej 
 fsxvbhaoedfi afousfdljg do l f 
dkfa;sldkfja;sdlfa fasdfaoiej 
 fsxvbhaoedfi afousfdljg do l f 
dkfa;sldkfja;sdlfa fasdfaoiej 
 fsxvbhaoedfi afousfdljg do l f 
dkfa;sldkfja;sdlfa fasdfaoiej 
 fsxvbhaoedfi afousfdljg do l f 
dkfa;sldkfja;sdlfa fasdfaoiej 
 fsxvbhaoedfi afousfdljg do l f 
dkfa;sldkfja;sdlfa fasdfaoiej 
 fsxvbhaoedfi afousfdljg do l f 
dkfa;sldkfja;sdlfa fasdfaoiej 
 fsxvbhaoedfi afousfdljg do l f 
dkfa;sldkfja;sdlfa fasdfaoiej 
 fsxvbhaoedfi afousfdljg do l f 
dkfa;sldkfja;sdlfa fasdfaoiej 
 fsxvbhaoedfi afousfdljg do l f 
dkfa;sldkfja;sdlfa fasdfaoiej 
 fsxvbhaoedfi afousfdljg do l fdkfa;sldkfja;sdlfa fasdfaoiej 
 fsxvbhaoedfi afousfdljg do l f 
dkfa;sldkfja;sdlfa fasdfaoiej 
 fsxvbhaoedfi afousfdljg do l f 
dkfa;sldkfja;sdlfa fasdfaoiej 
 fsxvbhaoedfi afousfdljg do l f 
dkfa;sldkfja;sdlfa fasdfaoiej 
 fsxvbhaoedfi afousfdljg do l f 
dkfa;sldkfja;sdlfa fasdfaoiej 
 fsxvbhaoedfi afousfdljg do l f 
dkfa;sldkfja;sdlfa fasdfaoiej 
 fsxvbhaoedfi afousfdljg do l f 
dkfa;sldkfja;sdlfa fasdfaoiej 
 fsxvbhaoedfi afousfdljg do l f 
dkfa;sldkfja;sdlfa fasdfaoiej 
 fsxvbhaoedfi afousfdljg do l f 
dkfa;sldkfja;sdlfa fasdfaoiej 
 fsxvbhaoedfi afousfdljg do l f 
dkfa;sldkfja;sdlfa fasdfaoiej 
 fsxvbhaoedfi afousfdljg do l f 
dkfa;sldkfja;sdlfa fasdfaoiej 
 fsxvbhaoedfi afousfdljg do l f"
  dispatch={[Function]}
  height={100}
/>
`;
